[
  {
    "space": "Srgb",
    "c1": "100",
    "c2": "0",
    "c3": "0",
    "alpha": "100"
  },
  {
    "space": "Srgb",
    "c1": "100",
    "c2": "0",
    "c3": "0",
    "alpha": "66"
  },
  {
    "space": "Srgb",
    "c1": "0",
    "c2": "100",
    "c3": "0",
    "alpha": "100"
  },
  {
    "space": "Srgb",
    "c1": "0",
    "c2": "0",
    "c3": "100",
    "alpha": "50"
  }
]